// Jest Snapshot v1, https://goo.gl/fbAQLP

exports[`<Price /> expect to render 1`] = `"$NaN"`;
