// Jest Snapshot v1, https://goo.gl/fbAQLP

exports[`<Button /> expect to render 1`] = `
<button
  className="button primary"
/>
`;
