// Jest Snapshot v1, https://goo.gl/fbAQLP

exports[`<Spinner /> expect to render 1`] = `
<div
  className="loader"
>
  Loading...
</div>
`;
