// Jest Snapshot v1, https://goo.gl/fbAQLP

exports[`<Cart /> expect to render 1`] = `
<div
  className="cart"
>
  <CartOrder />
  <CartSummaryBlock />
</div>
`;
