// Jest Snapshot v1, https://goo.gl/fbAQLP

exports[`<OrderItemButton /> expect to render 1`] = `
<button
  className="button"
/>
`;
